
> dibs@0.1.0 cre:broadcast
> bash scripts/broadcast-cre-settlement.sh

Market 14 submit deadline preflight: 211s remaining.
Market 13 submit deadline preflight: 211s remaining.
Market 12 submit deadline preflight: 211s remaining.
Temporarily routing Dibs settlement through the isolated CRE simulation receiver...
Oracle switch tx: 0xf39e8e3af7846ba85b99ce5f5f71cc126e284716d90c339f226b8055c6cbb03e
Broadcasting 3 CRE settlement observation(s)...
Initializing...
Loading settings...
Checking RPC connectivity...
Compiling workflow...
✓ Workflow compiled
✓ Simulation limits enabled
  HTTP: req=120kb resp=250kb timeout=10s | ConfHTTP: req=125kb resp=500kb timeout=1m30s | Consensus obs=25kb | ChainWrite evm_report=50kb evm_gas=10000000 solana_report=265b solana_cu=300000 | WASM binary=100mb compressed=20mb
  Binary hash: ec07387380a94ccf0fe8aacbedbff3468d3ef02c1d9d1254943f8526b769fa6e
  Config hash: cb01595925e8600ef591466fd9232be0369ca6dfed91d2e63fee8d153f5de376
2026-09-30T18:01:48Z [SIMULATION] Simulator Initialized

2026-09-30T18:01:48Z [SIMULATION] Running trigger trigger=cron-trigger@1.0.0

Cron scheduler started. Press Enter to skip waiting...

2026-09-30T18:01:53Z [USER LOG] market=14 action=submit score=950 upheld=false accepted=2 rejected=0 report=submitted tx=0xbfff66f4cb2125193dc35fb7b31d35019b310cca2d0eeb3e473f3d9d78f27166
2026-09-30T18:01:56Z [USER LOG] market=13 action=submit score=27030 upheld=false accepted=20 rejected=6 report=submitted tx=0x0eb6c13f46596050b5bc8a1d63f287525fa7b8f7f3b2d7156c48278f9bed0032
2026-09-30T18:02:00Z [USER LOG] market=12 action=submit score=21500 upheld=false accepted=15 rejected=0 report=submitted tx=0xb15e1fd0a1d90d80d578eb34d4ff1332cd3bd73461aa971d63a313b7f7ba9975

✓ Workflow Simulation Result:
3

2026-09-30T18:02:00Z [SIMULATION] Execution finished signal received
2026-09-30T18:02:00Z [SIMULATION] Skipping WorkflowEngineV2

⚠️  Update available! You’re running 1.33.0, but 1.35.0 is the latest.
Run `cre update` or visit https://github.com/smartcontractkit/cre-cli/releases to upgrade.

CRE broadcast completed with confirmed EVM write status. Envio may take a short time to index the result.
Restoring Dibs oracle to 0x78B87B938cbdd9453F2dA6adA043d74d792C9A81...
Oracle restore tx: 0x662dcc6fa953ad49a247d19263bcd7d4b4551fe109db3c05feecdd967ed1dc9d
Dibs production oracle restored.
