
> dibs@0.1.0 cre:broadcast
> bash scripts/broadcast-cre-settlement.sh

Temporarily allowing the CRE broadcast simulator...
Broadcasting 2 CRE settlement observation(s)...
Initializing...
Loading settings...
Checking RPC connectivity...
Compiling workflow...
✓ Workflow compiled
✓ Simulation limits enabled
  HTTP: req=120kb resp=250kb timeout=10s | ConfHTTP: req=125kb resp=500kb timeout=1m30s | Consensus obs=25kb | ChainWrite evm_report=50kb evm_gas=10000000 solana_report=265b solana_cu=300000 | WASM binary=100mb compressed=20mb
  Binary hash: a68bf190f7496ff9b92f64aab6ac4009d51a53c375c86cb946fdea57afc8c1a8
  Config hash: df0fba1c906b5d7633840818a9fdeb93d2c263611ecacec60bbf2188b4babb91
2026-09-29T16:10:02Z [SIMULATION] Simulator Initialized

2026-09-29T16:10:02Z [SIMULATION] Running trigger trigger=cron-trigger@1.0.0

[?25l[?2004h[?1004h┃ Cron scheduler started. Press Enter to skip waiting...                        
┃ Next                                                                          
                                                                                

enter submit[D[2K[?2004l[?25h[?1002l[?1003l[?1006l[?1004l2026-09-29T16:15:06Z [USER LOG] market=10 action=submit score=71190 upheld=false accepted=61 rejected=10 report=submitted
2026-09-29T16:15:10Z [USER LOG] market=11 action=submit score=5300 upheld=false accepted=8 rejected=1 report=submitted

✓ Workflow Simulation Result:
2

2026-09-29T16:15:10Z [SIMULATION] Execution finished signal received
2026-09-29T16:15:10Z [SIMULATION] Skipping WorkflowEngineV2

╭──────────────────────────────────────────────────────╮
│ Simulation complete! Ready to deploy your workflow?  │
│                                                      │
│ Run cre account access to request deployment access. │
╰──────────────────────────────────────────────────────╯

⚠️  Update available! You’re running 1.33.0, but 1.35.0 is the latest.
Run `cre update` or visit https://github.com/smartcontractkit/cre-cli/releases to upgrade.

CRE broadcast completed. Envio may take a short time to index the result.
Restoring receiver workflow guard to 0xfd3e92890c58024b698d936cf54ff046bfae874768c2d0de4eeb4208d02bcc78...
Receiver workflow guard restored.
